Command line:
"travis"


  ________                                 __
 /        |                               /  |
 ########/ ______    ______    __     __  ##/    _______
    ## |  /      \  /      \  /  \   /  | /  |  /       |
    ## | /######  | ######  | ##  \ /##/  ## | /#######/
    ## | ## |  ##/  /    ## |  ##  /##/   ## | ##      \
    ## | ## |      /####### |   ## ##/    ## |  ######  |
    ## | ## |      ##    ## |    ###/     ## | /     ##/
    ##/  ##/        #######/      #/      ##/  #######/

    TRajectory Analyzer and VISualizer  -  Open-source free software under GNU GPL v3

    Copyright (c) Martin Brehm      (2009-2022), University of Halle (Saale)
                  Martin Thomas     (2012-2022)
                  Sascha Gehrke     (2016-2022), University of Bonn
                  Barbara Kirchner  (2009-2022), University of Bonn

    http://www.travis-analyzer.de

    Please cite: J. Chem. Phys. 2020, 152 (16), 164105.         (DOI 10.1063/5.0005078 )
                 J. Chem. Inf. Model. 2011, 51 (8), 2007-2023.  (DOI 10.1021/ci200217w )

    There is absolutely no warranty on any results obtained from TRAVIS.

 #  Running on tinkercliffs1 at Fri Oct 10 08:43:07 2025 (PID 2677694)
 #  Running in /home/cganley2/correlation-time
 #  Version: Jul 29 2022, built at Oct  6 2025, 14:12:04, compiler "11.5.0 20240719 (Red Hat 11.5.0-5)", GCC 11.5.0
 #  Target platform: Linux, __cplusplus=201402L, Compile flags: NEW_CHARGEVAR DEBUG_ARRAYS 
 #  Machine: x86_64, char=1b, int=4b, long=8b, addr=8b, 0xA0B0C0D0=D0,C0,B0,A0.
 #  Home: /home/cganley2,  Executable: /home/cganley2/.conda/envs/ds/bin/travis
 #  Input from terminal,  Output to terminal

    >>> Please use a color scheme with dark background or specify "-nocolor"! <<<

    Loading configuration from /home/cganley2/.travis.conf ...

[Renaming existing File input.txt to #1#input.txt ...OK.]
    No trajectory file specified.
    Please use the "-p" flag to specify an input trajectory in the command line.

    Enter the file name of the trajectory file to open: [Quit] help

Could not determine trajectory file format: No file extension found.

The following formats are supported:
  - XYZ trajectories (extension .xyz)
  - PDB trajectories (extension .pdb)
  - LAMMPS trajectories "dump custom element xu yu zu" (extension .lmp)
  - DLPOLY trajectories (file name "HISTORY", no extension)
  - VASP trajectories (file name "POSCAR" or "XDATCAR", no extension)
  - Gromacs text format trajectories (extension .gro)
  - DCD binary trajectories (extension .dcd)
  - Amber trajectories (extension .prmtop / .mdcrd)
  - Cube file trajectories (extension .cube)
  - CP2k Voronoi text trajectories (extension .voronoi)
  - BQB format (extensions .bqb, .btr, .emp, and .blist)


    Note: To show a list of all persons who contributed to TRAVIS,
          please add "-credits" to your command line arguments, or set the
          variable "SHOWCREDITS" to "TRUE" in your travis.conf file.

    Source code from other projects used in TRAVIS:
      - lmfit     from Joachim Wuttke
      - kiss_fft  from Mark Borgerding
      - voro++    from Chris Rycroft

    http://www.travis-analyzer.de

    Please cite all of the following articles for the analyses you have used:

  * For TRAVIS in general:

    "TRAVIS - A Free Analyzer for Trajectories from Molecular Simulation",
    M. Brehm, M. Thomas, S. Gehrke, B. Kirchner; J. Chem. Phys. 2020, 152 (16), 164105.   (DOI 10.1063/5.0005078 )

    "TRAVIS - A Free Analyzer and Visualizer for Monte Carlo and Molecular Dynamics Trajectories",
    M. Brehm, B. Kirchner; J. Chem. Inf. Model. 2011, 51 (8), pp 2007-2023.   (DOI 10.1021/ci200217w )

*** The End ***

