Command line:
"travis -p SiC-1500K-5ps.xyz -i input.txt"


  ________                                 __
 /        |                               /  |
 ########/ ______    ______    __     __  ##/    _______
    ## |  /      \  /      \  /  \   /  | /  |  /       |
    ## | /######  | ######  | ##  \ /##/  ## | /#######/
    ## | ## |  ##/  /    ## |  ##  /##/   ## | ##      \
    ## | ## |      /####### |   ## ##/    ## |  ######  |
    ## | ## |      ##    ## |    ###/     ## | /     ##/
    ##/  ##/        #######/      #/      ##/  #######/

    TRajectory Analyzer and VISualizer  -  Open-source free software under GNU GPL v3

    Copyright (c) Martin Brehm      (2009-2022), University of Halle (Saale)
                  Martin Thomas     (2012-2022)
                  Sascha Gehrke     (2016-2022), University of Bonn
                  Barbara Kirchner  (2009-2022), University of Bonn

    http://www.travis-analyzer.de

    Please cite: J. Chem. Phys. 2020, 152 (16), 164105.         (DOI 10.1063/5.0005078 )
                 J. Chem. Inf. Model. 2011, 51 (8), 2007-2023.  (DOI 10.1021/ci200217w )

    There is absolutely no warranty on any results obtained from TRAVIS.

 #  Running on tinkercliffs1 at Fri Oct 10 08:44:27 2025 (PID 2680332)
 #  Running in /home/cganley2/correlation-time
 #  Version: Jul 29 2022, built at Oct  6 2025, 14:12:04, compiler "11.5.0 20240719 (Red Hat 11.5.0-5)", GCC 11.5.0
 #  Target platform: Linux, __cplusplus=201402L, Compile flags: NEW_CHARGEVAR DEBUG_ARRAYS 
 #  Machine: x86_64, char=1b, int=4b, long=8b, addr=8b, 0xA0B0C0D0=D0,C0,B0,A0.
 #  Home: /home/cganley2,  Executable: /home/cganley2/.conda/envs/ds/bin/travis
 #  Input from input.txt, Output to terminal

    >>> Please use a color scheme with dark background or specify "-nocolor"! <<<

    Loading configuration from /home/cganley2/.travis.conf ...

    Opening position trajectory SiC-1500K-5ps.xyz ...

CTimeStep::ReadXYZ(): Warning: Comment line longer than 254 characters.  
    Found 4th column of numbers in XYZ file.

    Trajectory contains approximately 5116 frames (just a *guess* from the file size of 20.41 MiB).

    Digits or special characters in element labels not allowed.
    Removing those characters from all atom labels.

    No element data found for atom "energy".

    36 atoms in the system: 17x C, 1x Energy, 18x Si

    System extent:  X = {     +0 ..  +1084 pm }, dX = 1084 pm
      (in step 1)   Y = {     -0 ..   +715 pm }, dY = 715 pm
                    Z = {     -0 ..   +319 pm }, dZ = 319 pm

    Unrecognized atom types: Energy

    Do you want to assign atom data to them (y/n)? [yes] help
Invalid input. Enter "y" or "n".
    Do you want to assign atom data to them (y/n)? [yes] 
End of input file reached. Switching to keyboard input.

    Do you want to write an input file for this session (y/n)? [yes] 

*** SIGINT caught: Hard interrupt by user ***
Stopping execution.
Decoding line numbers... ("addr2line <addr> -f -i -C -e /home/cganley2/.conda/envs/ds/bin/travis")
 # 18 - [  0x47e123] - DumpLinuxBacktrace() - backtrace.cpp:93 
 # 17 - [  0x47e6d9] - CrashInt() - backtrace.cpp:279 
 # 16 - [  0x47e78a] - SIGNAL_INT(int) - backtrace.cpp:340 
 #  9 - [  0x6c1ac4] - myget(CxString*) - tools.cpp:1888 
 #  8 - [  0x6c1f0c] - CxString::operator char const*() const - xstring.h:268 
                     - AskYesNo(char const*, int, ...) - tools.cpp:252 
 #  7 - [  0x6c1bff] - myget(CxString*) - tools.cpp:1846 
 #  6 - [  0x6c1f0c] - CxString::operator char const*() const - xstring.h:268 
                     - AskYesNo(char const*, int, ...) - tools.cpp:252 
 #  5 - [  0x55a825] - GatherInfos() - gather.cpp:158 (discriminator 4) 
 #  4 - [  0x431b4f] - main - travis.cpp:755 
 #  1 - [  0x464ce5] - _start - ??:? 
Delivering control to operating system.
